
> cnc-connect-algerie@0.1.0 build
> next build

   Γû▓ Next.js 16.0.4 (Turbopack)
   - Environments: .env.local

node.exe :  ΓÜá The 
"middleware" file 
convention is deprecated. 
Please use "proxy" instead. 
Learn more: https://nextjs.o
rg/docs/messages/middleware-
to-proxy
Au caractère Ligne:1 : 1
+ & "C:\Program 
Files\nodejs/node.exe" 
"C:\Program 
Files\nodejs/node_mo ...
+ ~~~~~~~~~~~~~~~~~~~~~~~~~~
~~~~~~~~~~~~~~~~~~~~~~~~~~~~
~~~~~~~~~~~~~~~
    + CategoryInfo          
    : NotSpecified: ( ΓÜá   
  The "middl...leware-to-   
 proxy:String) [], Remot    
eException
    + FullyQualifiedErrorId 
    : NativeCommandError
 
   Creating an optimized production build ...
 Γ£ô Compiled successfully in 21.6s
   Running TypeScript ...
Failed to compile.

./features/analysis/services
/cad-converter.service.ts:43
:41
Type error: Could not find 
a declaration file for 
module 'occt-import-js'. 'C:
/Users/lenvo/OneDrive/Deskto
p/cnc-connect-algerie/node_m
odules/occt-import-js/dist/o
cct-import-js.js' 
implicitly has an 'any' 
type.
  Try `npm i --save-dev 
@types/occt-import-js` if 
it exists or add a new 
declaration (.d.ts) file 
containing `declare module 
'occt-import-js';`

[0m [90m 41 |[39m
 [90m 42 |[39m         
[90m// Let's try the npm 
import first, but we need 
to configure the WASM 
locator[39m
[31m[1m>[22m[39m[90m 
43 |[39m         
[36mconst[39m occtModule 
[33m=[39m [36mawait[39m 
[36mimport[39m([32m'occt-
import-js'[39m)[33m;[39m
 [90m    |[39m            
                            
 [31m[1m^[22m[39m
 [90m 44 |[39m
 [90m 45 |[39m         
occt [33m=[39m 
[36mawait[39m occtModule[
33m.[39m[36mdefault[39m({
 [90m 46 |[39m            
 locateFile[33m:[39m 
(name[33m:[39m string) 
[33m=>[39m {[0m
Next.js build worker exited 
with code: 1 and signal: 
null
