
> cnc-connect-algerie@0.1.0 build
> next build

  Γû▓ Next.js 14.2.15
  - Environments: .env.local

   Creating an optimized production build ...
 Γ£ô Compiled successfully
   Skipping validation of types
   Skipping linting
   Collecting page data ...
   Generating static pages (0/13) ...
node.exe : Error: 
@supabase/ssr: Your 
project's URL and 
API key are required 
to create a Supabase 
client!
Au caractère Ligne:1 
: 1
+ & "C:\Program Files
\nodejs/node.exe" 
"C:\Program 
Files\nodejs/node_mo 
...
+ ~~~~~~~~~~~~~~~~~~~
~~~~~~~~~~~~~~~~~~~~~
~~~~~~~~~~~~~~~~~~~~~
~~~~~~~~
    + CategoryInfo   
           : 
NotSpecified: (E    
rror: 
@supabas...upab    
ase client!:String) 
[    ], 
RemoteException
    + 
FullyQualifiedError  
  Id : 
NativeCommandErr    
or
 

Check your Supabase 
project's API 
settings to find 
these values

https://supabase.com/
dashboard/project/_/s
ettings/api
    at rC (C:\Users\l
envo\OneDrive\Desktop
\cnc-connect-algerie\
.next\server\chunks\5
56.js:37:52368)
    at a (C:\Users\le
nvo\OneDrive\Desktop\
cnc-connect-algerie\.
next\server\chunks\25
3.js:1:7545)
    at d (C:\Users\le
nvo\OneDrive\Desktop\
cnc-connect-algerie\.
next\server\app\login
\page.js:1:6097)
    at nj (C:\Users\l
envo\OneDrive\Desktop
\cnc-connect-algerie\
node_modules\next\dis
t\compiled\next-serve
r\app-page.runtime.pr
od.js:12:46251)
    at nM (C:\Users\l
envo\OneDrive\Desktop
\cnc-connect-algerie\
node_modules\next\dis
t\compiled\next-serve
r\app-page.runtime.pr
od.js:12:47571)
    at nN (C:\Users\l
envo\OneDrive\Desktop
\cnc-connect-algerie\
node_modules\next\dis
t\compiled\next-serve
r\app-page.runtime.pr
od.js:12:64546)
    at nB (C:\Users\l
envo\OneDrive\Desktop
\cnc-connect-algerie\
node_modules\next\dis
t\compiled\next-serve
r\app-page.runtime.pr
od.js:12:67538)
    at nD (C:\Users\l
envo\OneDrive\Desktop
\cnc-connect-algerie\
node_modules\next\dis
t\compiled\next-serve
r\app-page.runtime.pr
od.js:12:66680)
    at nN (C:\Users\l
envo\OneDrive\Desktop
\cnc-connect-algerie\
node_modules\next\dis
t\compiled\next-serve
r\app-page.runtime.pr
od.js:12:64853)
    at nB (C:\Users\l
envo\OneDrive\Desktop
\cnc-connect-algerie\
node_modules\next\dis
t\compiled\next-serve
r\app-page.runtime.pr
od.js:12:67538) {
  digest: 
'1650669459'
}

Error occurred 
prerendering page 
"/login". Read more: 
https://nextjs.org/do
cs/messages/prerender
-error

Error: 
@supabase/ssr: Your 
project's URL and 
API key are required 
to create a Supabase 
client!

Check your Supabase 
project's API 
settings to find 
these values

https://supabase.com/
dashboard/project/_/s
ettings/api
    at rC (C:\Users\l
envo\OneDrive\Desktop
\cnc-connect-algerie\
.next\server\chunks\5
56.js:37:52368)
    at a (C:\Users\le
nvo\OneDrive\Desktop\
cnc-connect-algerie\.
next\server\chunks\25
3.js:1:7545)
    at d (C:\Users\le
nvo\OneDrive\Desktop\
cnc-connect-algerie\.
next\server\app\login
\page.js:1:6097)
    at nj (C:\Users\l
envo\OneDrive\Desktop
\cnc-connect-algerie\
node_modules\next\dis
t\compiled\next-serve
r\app-page.runtime.pr
od.js:12:46251)
    at nM (C:\Users\l
envo\OneDrive\Desktop
\cnc-connect-algerie\
node_modules\next\dis
t\compiled\next-serve
r\app-page.runtime.pr
od.js:12:47571)
    at nN (C:\Users\l
envo\OneDrive\Desktop
\cnc-connect-algerie\
node_modules\next\dis
t\compiled\next-serve
r\app-page.runtime.pr
od.js:12:64546)
    at nB (C:\Users\l
envo\OneDrive\Desktop
\cnc-connect-algerie\
node_modules\next\dis
t\compiled\next-serve
r\app-page.runtime.pr
od.js:12:67538)
    at nD (C:\Users\l
envo\OneDrive\Desktop
\cnc-connect-algerie\
node_modules\next\dis
t\compiled\next-serve
r\app-page.runtime.pr
od.js:12:66680)
    at nN (C:\Users\l
envo\OneDrive\Desktop
\cnc-connect-algerie\
node_modules\next\dis
t\compiled\next-serve
r\app-page.runtime.pr
od.js:12:64853)
    at nB (C:\Users\l
envo\OneDrive\Desktop
\cnc-connect-algerie\
node_modules\next\dis
t\compiled\next-serve
r\app-page.runtime.pr
od.js:12:67538)
Error: 
@supabase/ssr: Your 
project's URL and 
API key are required 
to create a Supabase 
client!

Check your Supabase 
project's API 
settings to find 
these values

https://supabase.com/
dashboard/project/_/s
ettings/api
    at rC (C:\Users\l
envo\OneDrive\Desktop
\cnc-connect-algerie\
.next\server\chunks\5
56.js:37:52368)
    at a (C:\Users\le
nvo\OneDrive\Desktop\
cnc-connect-algerie\.
next\server\chunks\25
3.js:1:7545)
    at d (C:\Users\le
nvo\OneDrive\Desktop\
cnc-connect-algerie\.
next\server\app\signu
p\page.js:1:13457)
    at nj (C:\Users\l
envo\OneDrive\Desktop
\cnc-connect-algerie\
node_modules\next\dis
t\compiled\next-serve
r\app-page.runtime.pr
od.js:12:46251)
    at nM (C:\Users\l
envo\OneDrive\Desktop
\cnc-connect-algerie\
node_modules\next\dis
t\compiled\next-serve
r\app-page.runtime.pr
od.js:12:47571)
    at nN (C:\Users\l
envo\OneDrive\Desktop
\cnc-connect-algerie\
node_modules\next\dis
t\compiled\next-serve
r\app-page.runtime.pr
od.js:12:64546)
    at nB (C:\Users\l
envo\OneDrive\Desktop
\cnc-connect-algerie\
node_modules\next\dis
t\compiled\next-serve
r\app-page.runtime.pr
od.js:12:67538)
    at nD (C:\Users\l
envo\OneDrive\Desktop
\cnc-connect-algerie\
node_modules\next\dis
t\compiled\next-serve
r\app-page.runtime.pr
od.js:12:66680)
    at nN (C:\Users\l
envo\OneDrive\Desktop
\cnc-connect-algerie\
node_modules\next\dis
t\compiled\next-serve
r\app-page.runtime.pr
od.js:12:64853)
    at nB (C:\Users\l
envo\OneDrive\Desktop
\cnc-connect-algerie\
node_modules\next\dis
t\compiled\next-serve
r\app-page.runtime.pr
od.js:12:67538) {
  digest: '934360698'
}

Error occurred 
prerendering page 
"/signup". Read 
more: https://nextjs.
org/docs/messages/pre
render-error

Error: 
@supabase/ssr: Your 
project's URL and 
API key are required 
to create a Supabase 
client!

Check your Supabase 
project's API 
settings to find 
these values

https://supabase.com/
dashboard/project/_/s
ettings/api
    at rC (C:\Users\l
envo\OneDrive\Desktop
\cnc-connect-algerie\
.next\server\chunks\5
56.js:37:52368)
    at a (C:\Users\le
nvo\OneDrive\Desktop\
cnc-connect-algerie\.
next\server\chunks\25
3.js:1:7545)
    at d (C:\Users\le
nvo\OneDrive\Desktop\
cnc-connect-algerie\.
next\server\app\signu
p\page.js:1:13457)
    at nj (C:\Users\l
envo\OneDrive\Desktop
\cnc-connect-algerie\
node_modules\next\dis
t\compiled\next-serve
r\app-page.runtime.pr
od.js:12:46251)
    at nM (C:\Users\l
envo\OneDrive\Desktop
\cnc-connect-algerie\
node_modules\next\dis
t\compiled\next-serve
r\app-page.runtime.pr
od.js:12:47571)
    at nN (C:\Users\l
envo\OneDrive\Desktop
\cnc-connect-algerie\
node_modules\next\dis
t\compiled\next-serve
r\app-page.runtime.pr
od.js:12:64546)
    at nB (C:\Users\l
envo\OneDrive\Desktop
\cnc-connect-algerie\
node_modules\next\dis
t\compiled\next-serve
r\app-page.runtime.pr
od.js:12:67538)
    at nD (C:\Users\l
envo\OneDrive\Desktop
\cnc-connect-algerie\
node_modules\next\dis
t\compiled\next-serve
r\app-page.runtime.pr
od.js:12:66680)
    at nN (C:\Users\l
envo\OneDrive\Desktop
\cnc-connect-algerie\
node_modules\next\dis
t\compiled\next-serve
r\app-page.runtime.pr
od.js:12:64853)
    at nB (C:\Users\l
envo\OneDrive\Desktop
\cnc-connect-algerie\
node_modules\next\dis
t\compiled\next-serve
r\app-page.runtime.pr
od.js:12:67538)
   Generating static pages (3/13) 
   Generating static pages (6/13) 
 Γ¿» 
useSearchParams() 
should be wrapped in 
a suspense boundary 
at page "/client". 
Read more: https://ne
xtjs.org/docs/message
s/missing-suspense-wi
th-csr-bailout
    at s (C:\Users\le
nvo\OneDrive\Desktop\
cnc-connect-algerie\.
next\server\chunks\55
6.js:41:21846)
    at c (C:\Users\le
nvo\OneDrive\Desktop\
cnc-connect-algerie\.
next\server\chunks\55
6.js:41:32786)
    at P (C:\Users\le
nvo\OneDrive\Desktop\
cnc-connect-algerie\.
next\server\app\clien
t\page.js:1:5845)
    at nj (C:\Users\l
envo\OneDrive\Desktop
\cnc-connect-algerie\
node_modules\next\dis
t\compiled\next-serve
r\app-page.runtime.pr
od.js:12:46251)
    at nM (C:\Users\l
envo\OneDrive\Desktop
\cnc-connect-algerie\
node_modules\next\dis
t\compiled\next-serve
r\app-page.runtime.pr
od.js:12:47571)
    at nN (C:\Users\l
envo\OneDrive\Desktop
\cnc-connect-algerie\
node_modules\next\dis
t\compiled\next-serve
r\app-page.runtime.pr
od.js:12:64546)
    at nI (C:\Users\l
envo\OneDrive\Desktop
\cnc-connect-algerie\
node_modules\next\dis
t\compiled\next-serve
r\app-page.runtime.pr
od.js:12:47010)
    at nM (C:\Users\l
envo\OneDrive\Desktop
\cnc-connect-algerie\
node_modules\next\dis
t\compiled\next-serve
r\app-page.runtime.pr
od.js:12:47717)
    at nM (C:\Users\l
envo\OneDrive\Desktop
\cnc-connect-algerie\
node_modules\next\dis
t\compiled\next-serve
r\app-page.runtime.pr
od.js:12:61546)
    at nN (C:\Users\l
envo\OneDrive\Desktop
\cnc-connect-algerie\
node_modules\next\dis
t\compiled\next-serve
r\app-page.runtime.pr
od.js:12:64546)

Error occurred 
prerendering page 
"/client". Read 
more: https://nextjs.
org/docs/messages/pre
render-error

   Generating static pages (9/13) 
 Γ£ô Generating static pages (13/13)

> Export encountered 
errors on following 
paths:
	/client/page: 
/client
	/login/page: /login
	/signup/page: 
/signup
