features/analysis/services/cad-converter.service.ts(43,41): error TS7016: Could not find a declaration file for module 'occt-import-js'. 'C:/Users/lenvo/OneDrive/Desktop/cnc-connect-algerie/node_modules/occt-import-js/dist/occt-import-js.js' implicitly has an 'any' type.
  Try `npm i --save-dev @types/occt-import-js` if it exists or add a new declaration (.d.ts) file containing `declare module 'occt-import-js';`
